
> react-example@0.0.0 build
> vite build && esbuild server.ts --bundle --platform=node --format=cjs --packages=external --sourcemap --outfile=dist/server.cjs

vite v6.4.3 building for production...
transforming...
✓ 3128 modules transformed.
rendering chunks...
[plugin vite:reporter] 
(!) /app/applet/src/lib/supabaseClient.ts is dynamically imported by /app/applet/src/App.tsx but also statically imported by /app/applet/src/components/AuthScreen.tsx, /app/applet/src/lib/useSupabase.ts, dynamic import will not move module into another chunk.

computing gzip size...
dist/index.html                             10.02 kB │ gzip:   3.02 kB
dist/assets/index-BeBGXQl5.css             257.52 kB │ gzip:  31.90 kB
dist/assets/AuthScreen-51yxEhIs.js          26.01 kB │ gzip:   4.95 kB
dist/assets/purify.es-DP5U8-sc.js           29.17 kB │ gzip:  10.99 kB
dist/assets/index.es-DLUBLXI4.js           159.72 kB │ gzip:  53.54 kB
dist/assets/html2canvas.esm-QH1iLAAe.js    202.38 kB │ gzip:  48.04 kB
dist/assets/AdminPortal-C95nfez_.js      1,860.94 kB │ gzip: 346.40 kB
dist/assets/index-Dheg9vFB.js            2,148.67 kB │ gzip: 537.86 kB
✓ built in 1m 8s

  dist/server.cjs      235.4kb
  dist/server.cjs.map  401.0kb

⚡ Done in 197ms
